2026-09-19 13:35:33,540 | INFO    | === Старт сбора: https://omshub.org/, лимит курсов: 40 ===
2026-09-19 13:35:34,579 | INFO    | robots.txt: https://omshub.org/robots.txt -> HTTP 200
2026-09-19 13:35:34,579 | INFO    | Задержка между запросами: 2.0 с (Crawl-delay=None)
2026-09-19 13:35:37,517 | INFO    | Список курсов: https://omshub.org/ -> найдено ссылок: 0
2026-09-19 13:35:40,773 | INFO    | Список курсов: https://omshub.org/course -> найдено ссылок: 0
2026-09-19 13:35:40,773 | WARNING | Ссылки на курсы в HTML не найдены (страница рендерится JS?) — берём запасной список
2026-09-19 13:35:40,773 | INFO    | К обходу: 20 курсов
2026-09-19 13:35:41,786 | INFO    | [1/20] CS-6200: 20 отзывов (всего 20)
2026-09-19 13:35:45,025 | INFO    | [2/20] CS-6515: 20 отзывов (всего 40)
2026-09-19 13:35:48,060 | INFO    | [3/20] CS-6310: 20 отзывов (всего 60)
2026-09-19 13:35:51,136 | INFO    | [4/20] CS-7641: 20 отзывов (всего 80)
2026-09-19 13:35:54,122 | INFO    | [5/20] CS-6601: 20 отзывов (всего 100)
2026-09-19 13:35:57,344 | INFO    | [6/20] CS-7642: 20 отзывов (всего 120)
2026-09-19 13:36:00,506 | INFO    | [7/20] CS-7637: 20 отзывов (всего 140)
2026-09-19 13:36:03,261 | INFO    | [8/20] CS-6750: 20 отзывов (всего 160)
2026-09-19 13:36:06,470 | INFO    | [9/20] CS-6035: 20 отзывов (всего 180)
2026-09-19 13:36:09,527 | INFO    | [10/20] CS-6250: 20 отзывов (всего 200)
2026-09-19 13:36:12,832 | INFO    | [11/20] CS-6400: 20 отзывов (всего 220)
2026-09-19 13:36:15,995 | INFO    | [12/20] CS-7646: 20 отзывов (всего 240)
2026-09-19 13:36:19,113 | INFO    | [13/20] CS-6476: 20 отзывов (всего 260)
2026-09-19 13:36:22,043 | INFO    | [14/20] CS-7643: 20 отзывов (всего 280)
2026-09-19 13:36:25,694 | INFO    | [15/20] CS-7650: 7 отзывов (всего 287)
2026-09-19 13:36:28,541 | INFO    | [16/20] CS-6300: 20 отзывов (всего 307)
2026-09-19 13:36:31,544 | INFO    | [17/20] CS-6290: 20 отзывов (всего 327)
2026-09-19 13:36:35,196 | INFO    | [18/20] CS-7638: 20 отзывов (всего 347)
2026-09-19 13:36:38,466 | INFO    | [19/20] CS-6340: 20 отзывов (всего 367)
2026-09-19 13:36:41,995 | INFO    | [20/20] CS-6262: 20 отзывов (всего 387)
2026-09-19 13:36:44,301 | INFO    | === Готово: 387 записей за 71 с ===
